
 Start  Stop   Length Name               Class

 00000H 0223EH 0223FH CODE               

  Address         Publics by Name

 0000:036E       ADDRESS_LEN
 0000:0C3F       AS_SEND_PKT
 0000:0C3B       BAD_COMMAND_INTERCEPT
 0000:0AF9       BLOCK_INPUT
 0000:0BF5       BOARD_DATA
 0000:223E       BRANDING_MSG
 0000:147B       BYTEOUT
 0000:14AD       CHROUT
 0000:132E       COPYRIGHT_MSG
 0000:0858       COUNT_IN_ERR
 0000:0865       COUNT_OUT_ERR
 0000:149C       CRLF
 0000:142A       DECOUT
 0000:148A       DIGOUT
 0000:0ADE       DRIVER_CLASS
 0000:0AEA       DRIVER_FUNCTION
 0000:0AE3       DRIVER_NAME
 0000:0AE1       DRIVER_TYPE
 0000:0C40       DROP_PKT
 0000:146D       DWORDOUT
 0000:122E       END_FREE_MEM
 0000:122E       END_RESIDENT
 0000:0208       ENTRY_POINT
 0000:19C9       ERROR
 0000:122F       ETOPEN
 0000:19A3       ETOPEN_DIAGN
 0000:0210       FLAGBYTE
 0000:1EA1       GET_DIGIT
 0000:1E39       GET_HEX
 0000:1E34       GET_NUMBER
 0000:0AD6       INT_NO
 0000:0ADA       IO_ADDR
 0000:020D       IS_186
 0000:020E       IS_286
 0000:020F       IS_386
 0000:13F8       IS_EISA
 0000:14BA       MALLOC
 0000:0919       MASKINT
 0000:0BCA       MCAST_ALL_FLAG
 0000:0BC2       MCAST_LIST_BITS
 0000:033E       MULTICAST_ADDRS
 0000:0338       MULTICAST_BROAD
 0000:0336       MULTICAST_COUNT
 0000:0380       MY_ADDRESS
 0000:03CE       OUR_ISR
 0000:0AEB       PARAMETER_LIST
 0000:1378       PARSE_ARGS
 0000:0080       PHD_DIOA
 0000:002C       PHD_ENVIRON
 0000:1ED2       PRINT_ETHER_ADDR
 0000:13F9       PRINT_NUMBER
 0000:13E4       PRINT_PARAMETERS
 0000:1113       RCV_FRM
 0000:0BCB       RCV_MODES
 0000:0E96       RECV
 0000:0A46       RECV_COPY
 0000:0907       RECV_EXITING_EXIT
 0000:09EF       RECV_FIND
 0000:09F6       RECV_FOUND
 0000:0977       RECV_LOCATE
 0000:0E3A       RESET_BOARD
 0000:0E7A       RESET_INTERFACE
 0000:0467       RE_ENABLE_INTERRUPTS
 0000:0370       ROM_ADDRESS
 0000:08E2       SCHEDULE_EXITING
 0000:0A9B       SEND_DEQUEUE
 0000:039A       SEND_HEAD
 0000:0C75       SEND_PKT
 0000:0A60       SEND_QUEUE
 0000:039E       SEND_TAIL
 0000:0D9E       SET_ADDRESS
 0000:1179       SET_MULTICAST_LIST
 0000:0811       SET_RECV_ISR
 0000:1EC7       SKIP_BLANKS
 0000:0C15       SOFT_ERRORS
 0000:0C1D       SOFT_RX_ERRORS
 0000:0C2E       SOFT_RX_ERR_BITS
 0000:0C21       SOFT_RX_OVERRUNS
 0000:0C25       SOFT_RX_OVER_ND
 0000:0C19       SOFT_TX_COLLISIONS
 0000:0C15       SOFT_TX_ERRORS
 0000:0C2D       SOFT_TX_ERR_BITS
 0000:19D2       START_1
 0000:020C       SYS_FEATURES
 0000:0E79       TERMINATE
 0000:03CA       THEIR_ISR
 0000:122D       TIMER_ISR
 0000:093C       UNMASKINT
 0000:1304       USAGE_MSG
 0000:1474       WORDOUT
 0000:0C41       XMIT

  Address         Publics by Value

 0000:002C       PHD_ENVIRON
 0000:0080       PHD_DIOA
 0000:0208       ENTRY_POINT
 0000:020C       SYS_FEATURES
 0000:020D       IS_186
 0000:020E       IS_286
 0000:020F       IS_386
 0000:0210       FLAGBYTE
 0000:0336       MULTICAST_COUNT
 0000:0338       MULTICAST_BROAD
 0000:033E       MULTICAST_ADDRS
 0000:036E       ADDRESS_LEN
 0000:0370       ROM_ADDRESS
 0000:0380       MY_ADDRESS
 0000:039A       SEND_HEAD
 0000:039E       SEND_TAIL
 0000:03CA       THEIR_ISR
 0000:03CE       OUR_ISR
 0000:0467       RE_ENABLE_INTERRUPTS
 0000:0811       SET_RECV_ISR
 0000:0858       COUNT_IN_ERR
 0000:0865       COUNT_OUT_ERR
 0000:08E2       SCHEDULE_EXITING
 0000:0907       RECV_EXITING_EXIT
 0000:0919       MASKINT
 0000:093C       UNMASKINT
 0000:0977       RECV_LOCATE
 0000:09EF       RECV_FIND
 0000:09F6       RECV_FOUND
 0000:0A46       RECV_COPY
 0000:0A60       SEND_QUEUE
 0000:0A9B       SEND_DEQUEUE
 0000:0AD6       INT_NO
 0000:0ADA       IO_ADDR
 0000:0ADE       DRIVER_CLASS
 0000:0AE1       DRIVER_TYPE
 0000:0AE3       DRIVER_NAME
 0000:0AEA       DRIVER_FUNCTION
 0000:0AEB       PARAMETER_LIST
 0000:0AF9       BLOCK_INPUT
 0000:0BC2       MCAST_LIST_BITS
 0000:0BCA       MCAST_ALL_FLAG
 0000:0BCB       RCV_MODES
 0000:0BF5       BOARD_DATA
 0000:0C15       SOFT_TX_ERRORS
 0000:0C15       SOFT_ERRORS
 0000:0C19       SOFT_TX_COLLISIONS
 0000:0C1D       SOFT_RX_ERRORS
 0000:0C21       SOFT_RX_OVERRUNS
 0000:0C25       SOFT_RX_OVER_ND
 0000:0C2D       SOFT_TX_ERR_BITS
 0000:0C2E       SOFT_RX_ERR_BITS
 0000:0C3B       BAD_COMMAND_INTERCEPT
 0000:0C3F       AS_SEND_PKT
 0000:0C40       DROP_PKT
 0000:0C41       XMIT
 0000:0C75       SEND_PKT
 0000:0D9E       SET_ADDRESS
 0000:0E3A       RESET_BOARD
 0000:0E79       TERMINATE
 0000:0E7A       RESET_INTERFACE
 0000:0E96       RECV
 0000:1113       RCV_FRM
 0000:1179       SET_MULTICAST_LIST
 0000:122D       TIMER_ISR
 0000:122E       END_RESIDENT
 0000:122E       END_FREE_MEM
 0000:122F       ETOPEN
 0000:1304       USAGE_MSG
 0000:132E       COPYRIGHT_MSG
 0000:1378       PARSE_ARGS
 0000:13E4       PRINT_PARAMETERS
 0000:13F8       IS_EISA
 0000:13F9       PRINT_NUMBER
 0000:142A       DECOUT
 0000:146D       DWORDOUT
 0000:1474       WORDOUT
 0000:147B       BYTEOUT
 0000:148A       DIGOUT
 0000:149C       CRLF
 0000:14AD       CHROUT
 0000:14BA       MALLOC
 0000:19A3       ETOPEN_DIAGN
 0000:19C9       ERROR
 0000:19D2       START_1
 0000:1E34       GET_NUMBER
 0000:1E39       GET_HEX
 0000:1EA1       GET_DIGIT
 0000:1EC7       SKIP_BLANKS
 0000:1ED2       PRINT_ETHER_ADDR
 0000:223E       BRANDING_MSG

Program entry point at 0000:0100
Warning: no stack

